AccumOp				enum
AlphaFunction			enum
AttribMask			bitfield
BeginMode			enum
Bitmap				ubyte
BlendEquationMode		enum
BlendEquationModeEXT		enum
BlendingFactorDest		enum
BlendingFactorSrc		enum
Boolean				boolean
CheckedFloat32			float
CheckedInt32			int
ClampedColorF			clampf
ClampedFloat32			clampf
ClampedFloat64			clampd
ClampedStencilValue		int
ClearBufferMask			bitfield
ClientAttribMask		bitfield
ClipPlaneName			enum
ColorB				byte
ColorBuffer			enum
ColorD				double
ColorF				float
ColorI				int
ColorIndexValueD		double
ColorIndexValueF		float
ColorIndexValueI		int
ColorIndexValueS		short
ColorIndexValueUB		ubyte
ColorMaterialFace		enum
ColorMaterialParameter		enum
ColorPointerType		enum
ColorS				short
ColorTableParameterPName	enum
ColorTableTarget		enum
ColorTableTargetEXT		enum
ColorUB				ubyte
ColorUI				uint
ColorUS				ushort
ConvolutionParameter		enum
ConvolutionTarget		enum
CoordD				double
CoordF				float
CoordI				int
CoordS				short
CullFaceMode			enum
CullParameterSGI		enum
DepthFunction			enum
DrawBufferMode			enum
DrawElementsType		enum
EnableCap			enum
ErrorCode			enum
FeedbackElement			float
FeedbackType			enum
Float32				float
Float32Pointer			floatPointer
Float64				double
Float64Pointer			doublePointer
FogParameter			enum
FrontFaceDirection		enum
FunctionPointer			funcPointer
GetColorTableParameterPName	enum
GetColorTableParameterPNameEXT	enum
GetConvolutionParameterPName	enum
GetHistogramParameterPName	enum
GetMinmaxParameterPName		enum
GetMapQuery			enum
GetPName			enum
GetPointervPName		enum
GetTextureParameter		enum
HintMode			enum
HintTarget			enum
HistogramTarget			enum
IndexFunctionSGI		enum
IndexMaterialParameterSGI	enum
IndexPointerType		enum
Int				int
Int16				short
Int32				int
Int32Pointer			intPointer
Int8				byte
InterleavedArrayFormat		enum
LightModelParameter		enum
LightName			enum
LightParameter			enum
LineStipple			ushort
List				uint
ListMode			enum
ListNameType			enum
LogicOp				enum
MapTarget			enum
MaskedColorIndexValueF		float
MaskedColorIndexValueI		uint
MaskedStencilValue		uint
MaterialFace			enum
MaterialParameter		enum
MatrixMode			enum
MeshMode1			enum
MeshMode2			enum
MinmaxTarget			enum
NormalPointerType		enum
NurbsCallback			enum
NurbsDisplay			enum
NurbsError			enum
NurbsObj			nurbsObjPointer
NurbsProperty			enum
NurbsSampling			enum
NurbsTrim			enum
PixelCopyType			enum
PixelFormat			enum
PixelInternalFormat		enum
PixelMap			enum
PixelStoreParameter		enum
PixelTransferParameter		enum
PixelType			enum
PolygonMode			enum
PolygonStippleMask		ubyte
QuadricCallback			enum
QuadricDrawStyle		enum
QuadricNormal			enum
QuadricObj			quadricObjPointer
QuadricOrientation		enum
ReadBufferMode			enum
RenderingMode			enum
SelectName			uint
SeparableTarget			enum
ShadingModel			enum
SizeF				sizef
SizeI				sizei
StencilFunction			enum
StencilOp			enum
StencilValue			int
String				string
StringName			enum
TessCallback			enum
TessContour			enum
TessError			enum
TessProperty			enum
TessWinding			enum
TesselatorObj			tesselatorObjPointer
TexCoordPointerType		enum
TextureBorder			enum
TextureComponentCount		int
TextureCoordName		enum
Texture				uint
TextureEnvParameter		enum
TextureEnvTarget		enum
TextureGenParameter		enum
TextureParameter		enum
TextureParameterName		enum
TextureTarget			enum
TextureUnit			enum
UInt16				ushort
UInt32				uint
UInt8				ubyte
Version				enum
VertexPointerType		enum
Void				void
VoidPointer			voidPointer
WinCoord			int
void				void
