AccumOp				enum
AlphaFunction			enum
AttribMask			bitfield
BeginMode			enum
BinormalPointerTypeEXT		enum
Bitmap				ubyte
BlendEquationMode		enum
BlendEquationModeEXT		enum
BlendingFactorDest		enum
BlendingFactorSrc		enum
BlendFuncSeparateParameterEXT	enum
Boolean				boolean
BooleanPointer			booleanPointer
CheckedFloat32			float
CheckedInt32			int
ClampedColorF			clampf
ClampedFloat32			clampf
ClampedFloat64			clampd
ClampedStencilValue		int
ClearBufferMask			bitfield
ClientAttribMask		bitfield
ClipPlaneName			enum
ColorB				byte
ColorBuffer			enum
ColorD				double
ColorF				float
ColorI				int
ColorIndexValueD		double
ColorIndexValueF		float
ColorIndexValueI		int
ColorIndexValueS		short
ColorIndexValueUB		ubyte
ColorMaterialFace		enum
ColorMaterialParameter		enum
ColorPointerType		enum
ColorS				short
ColorTableParameterPName	enum
ColorTableParameterPNameSGI	enum
ColorTableTarget		enum
ColorTableTargetEXT		enum
ColorTableTargetSGI		enum
ColorUB				ubyte
ColorUI				uint
ColorUS				ushort
CombinerBiasNV			enum
CombinerComponentUsageNV	enum
CombinerMappingNV		enum
CombinerParameterNV		enum
CombinerPortionNV		enum
CombinerRegisterNV		enum
CombinerScaleNV			enum
CombinerStageNV			enum
CombinerVariableNV		enum
ConvolutionParameter		enum
ConvolutionParameterEXT		enum
ConvolutionTarget		enum
ConvolutionTargetEXT		enum
CoordD				double
CoordF				float
CoordI				int
CoordS				short
CullFaceMode			enum
CullParameterEXT		enum
CullParameterSGI		enum
DepthFunction			enum
DrawBufferMode			enum
DrawElementsType		enum
EnableCap			enum
ErrorCode			enum
FeedbackElement			float
FeedbackType			enum
Float32				float
Float32Pointer			floatPointer
Float64				double
Float64Pointer			doublePointer
FogParameter			enum
FogPointerTypeEXT		enum
FogPointerTypeIBM		enum
FragmentLightModelParameterSGIX enum
FragmentLightNameSGIX		enum
FragmentLightParameterSGIX	enum
FrontFaceDirection		enum
FunctionPointer			funcPointer
GetColorTableParameterPName	enum
GetColorTableParameterPNameEXT	enum
GetColorTableParameterPNameSGI	enum
GetConvolutionParameterPName	enum
GetHistogramParameterPName	enum
GetHistogramParameterPNameEXT	enum
GetMinmaxParameterPName		enum
GetMinmaxParameterPNameEXT	enum
GetMapQuery			enum
GetPName			enum
GetPointervPName		enum
GetTextureParameter		enum
HintMode			enum
HintTarget			enum
HintTargetPGI			enum
HistogramTarget			enum
HistogramTargetEXT		enum
ImageTransformPNameHP		enum
ImageTransformTargetHP		enum
IndexFunctionEXT		enum
IndexFunctionSGI		enum
IndexMaterialParameterEXT	enum
IndexMaterialParameterSGI	enum
IndexPointerType		enum
Int				int
Int16				short
Int32				int
Int32Pointer			intPointer
Int8				byte
InterleavedArrayFormat		enum
LightEnvParameterSGIX		enum
LightModelParameter		enum
LightName			enum
LightParameter			enum
LightTextureModeEXT		enum
LightTexturePNameEXT		enum
LineStipple			ushort
List				uint
ListMode			enum
ListNameType			enum
ListParameterName		enum
LogicOp				enum
MapTarget			enum
MaskedColorIndexValueF		float
MaskedColorIndexValueI		uint
MaskedStencilValue		uint
MaterialFace			enum
MaterialParameter		enum
MatrixMode			enum
MeshMode1			enum
MeshMode2			enum
MinmaxTarget			enum
MinmaxTargetEXT			enum
NormalPointerType		enum
NurbsCallback			enum
NurbsDisplay			enum
NurbsError			enum
NurbsObj			nurbsObjPointer
NurbsProperty			enum
NurbsSampling			enum
NurbsTrim			enum
PixelCopyType			enum
PixelFormat			enum
PixelInternalFormat		enum
PixelMap			enum
PixelStoreParameter		enum
PixelTexGenModeSGIX		enum
PixelTexGenParameterNameSGIS	enum
PixelTransferParameter		enum
PixelTransformPNameEXT		enum
PixelTransformTargetEXT		enum
PixelType			enum
PointParameterNameEXT		enum
PolygonMode			enum
PolygonStippleMask		ubyte
QuadricCallback			enum
QuadricDrawStyle		enum
QuadricNormal			enum
QuadricObj			quadricObjPointer
QuadricOrientation		enum
ReadBufferMode			enum
RenderingMode			enum
ReplacementCodeTypeSUN		enum
SamplePassARB			enum
SamplePatternEXT		enum
SamplePatternSGIS		enum
SecondaryColorPointerTypeIBM	enum
SelectName			uint
SeparableTarget			enum
SeparableTargetEXT		enum
ShadingModel			enum
SizeF				sizef
SizeI				sizei
SpriteParameterNameSGIX		enum
StencilFunction			enum
StencilOp			enum
StencilValue			int
String				string
StringName			enum
TangentPointerTypeEXT		enum
TessCallback			enum
TessContour			enum
TessError			enum
TessProperty			enum
TessWinding			enum
TesselatorObj			tesselatorObjPointer
TexCoordPointerType		enum
TextureBorder			enum
TextureComponentCount		int
TextureCoordName		enum
Texture				uint
TextureEnvParameter		enum
TextureEnvTarget		enum
TextureFilterSGIS		enum
TextureGenParameter		enum
TextureNormalModeEXT		enum
TextureParameter		enum
TextureParameterName		enum
TextureTarget			enum
TextureUnit			enum
UInt16				ushort
UInt32				uint
UInt8				ubyte
Version				enum
VertexPointerType		enum
VertexWeightPointerTypeEXT	enum
Void				void
VoidPointer			voidPointer
WinCoord			int
void				void
